// Jest Snapshot v1, https://goo.gl/fbAQLP

exports[`testing AddActivity and TableActivities together should add a the first activity into the table 1`] = `
Object {
  "asFragment": [Function],
  "baseElement": <body>
    <div>
      <form>
        <div>
          <label
            data-testid="name-label-add-activity"
            for="name"
          >
            Name
          </label>
          <input
            data-testid="name-field-add-activity"
            id="name"
            name="name"
            placeholder="Name"
            value="activity1"
          />
        </div>
        <div>
          <label
            data-testid="description-label-add-activity"
            for="description"
          >
            Description
          </label>
          <input
            data-testid="description-field-add-activity"
            id="description"
            name="description"
            placeholder="Description"
            value="activity1"
          />
        </div>
        <div>
          <label
            data-testid="status-label-add-activity"
            for="status"
          >
            Status
          </label>
          <input
            data-testid="status-checkbox-add-activity"
            id="status"
            name="status"
            type="checkbox"
          />
        </div>
        <div>
          <input
            data-testid="insert-button-add-activity"
            id="submit"
            name="submit"
            type="submit"
            value="Insert"
          />
        </div>
      </form>
    </div>
    <div>
      <div>
        <table>
          <tbody
            data-testid="table-body"
          >
            <tr>
              <th>
                Id
              </th>
              <th>
                Name
              </th>
              <th>
                Description
              </th>
              <th>
                Status
              </th>
            </tr>
            <tr>
              <td
                data-testid="td-id-1"
              >
                1
              </td>
              <td
                data-testid="td-name-1"
              >
                shopping
              </td>
              <td
                data-testid="td-description-1"
              >
                buy some stuff
              </td>
              <td
                data-testid="td-status-1"
              >
                false
              </td>
            </tr>
            <tr>
              <td
                data-testid="td-id-2"
              >
                2
              </td>
              <td
                data-testid="td-name-2"
              >
                have fun with my dog
              </td>
              <td
                data-testid="td-description-2"
              >
                take my dog for a walk and have fun with it
              </td>
              <td
                data-testid="td-status-2"
              >
                true
              </td>
            </tr>
            <tr>
              <td
                data-testid="td-id-3"
              >
                3
              </td>
              <td
                data-testid="td-name-3"
              >
                work out
              </td>
              <td
                data-testid="td-description-3"
              >
                work out a little bit with weights and barbells
              </td>
              <td
                data-testid="td-status-3"
              >
                false
              </td>
            </tr>
            <tr>
              <td
                data-testid="td-id-4"
              >
                4
              </td>
              <td
                data-testid="td-name-4"
              >
                activity1
              </td>
              <td
                data-testid="td-description-4"
              >
                activity1
              </td>
              <td
                data-testid="td-status-4"
              >
                true
              </td>
            </tr>
          </tbody>
        </table>
      </div>
    </div>
  </body>,
  "container": <div>
    <form>
      <div>
        <label
          data-testid="name-label-add-activity"
          for="name"
        >
          Name
        </label>
        <input
          data-testid="name-field-add-activity"
          id="name"
          name="name"
          placeholder="Name"
          value="activity1"
        />
      </div>
      <div>
        <label
          data-testid="description-label-add-activity"
          for="description"
        >
          Description
        </label>
        <input
          data-testid="description-field-add-activity"
          id="description"
          name="description"
          placeholder="Description"
          value="activity1"
        />
      </div>
      <div>
        <label
          data-testid="status-label-add-activity"
          for="status"
        >
          Status
        </label>
        <input
          data-testid="status-checkbox-add-activity"
          id="status"
          name="status"
          type="checkbox"
        />
      </div>
      <div>
        <input
          data-testid="insert-button-add-activity"
          id="submit"
          name="submit"
          type="submit"
          value="Insert"
        />
      </div>
    </form>
  </div>,
  "debug": [Function],
  "findAllByAltText": [Function],
  "findAllByDisplayValue": [Function],
  "findAllByLabelText": [Function],
  "findAllByPlaceholderText": [Function],
  "findAllByRole": [Function],
  "findAllByTestId": [Function],
  "findAllByText": [Function],
  "findAllByTitle": [Function],
  "findByAltText": [Function],
  "findByDisplayValue": [Function],
  "findByLabelText": [Function],
  "findByPlaceholderText": [Function],
  "findByRole": [Function],
  "findByTestId": [Function],
  "findByText": [Function],
  "findByTitle": [Function],
  "getAllByAltText": [Function],
  "getAllByDisplayValue": [Function],
  "getAllByLabelText": [Function],
  "getAllByPlaceholderText": [Function],
  "getAllByRole": [Function],
  "getAllByTestId": [Function],
  "getAllByText": [Function],
  "getAllByTitle": [Function],
  "getByAltText": [Function],
  "getByDisplayValue": [Function],
  "getByLabelText": [Function],
  "getByPlaceholderText": [Function],
  "getByRole": [Function],
  "getByTestId": [Function],
  "getByText": [Function],
  "getByTitle": [Function],
  "queryAllByAltText": [Function],
  "queryAllByDisplayValue": [Function],
  "queryAllByLabelText": [Function],
  "queryAllByPlaceholderText": [Function],
  "queryAllByRole": [Function],
  "queryAllByTestId": [Function],
  "queryAllByText": [Function],
  "queryAllByTitle": [Function],
  "queryByAltText": [Function],
  "queryByDisplayValue": [Function],
  "queryByLabelText": [Function],
  "queryByPlaceholderText": [Function],
  "queryByRole": [Function],
  "queryByTestId": [Function],
  "queryByText": [Function],
  "queryByTitle": [Function],
  "rerender": [Function],
  "unmount": [Function],
}
`;

exports[`testing AddActivity and TableActivities together should add a the first activity into the table 2`] = `
Object {
  "asFragment": [Function],
  "baseElement": <body>
    <div>
      <form>
        <div>
          <label
            data-testid="name-label-add-activity"
            for="name"
          >
            Name
          </label>
          <input
            data-testid="name-field-add-activity"
            id="name"
            name="name"
            placeholder="Name"
            value="activity1"
          />
        </div>
        <div>
          <label
            data-testid="description-label-add-activity"
            for="description"
          >
            Description
          </label>
          <input
            data-testid="description-field-add-activity"
            id="description"
            name="description"
            placeholder="Description"
            value="activity1"
          />
        </div>
        <div>
          <label
            data-testid="status-label-add-activity"
            for="status"
          >
            Status
          </label>
          <input
            data-testid="status-checkbox-add-activity"
            id="status"
            name="status"
            type="checkbox"
          />
        </div>
        <div>
          <input
            data-testid="insert-button-add-activity"
            id="submit"
            name="submit"
            type="submit"
            value="Insert"
          />
        </div>
      </form>
    </div>
    <div>
      <div>
        <table>
          <tbody
            data-testid="table-body"
          >
            <tr>
              <th>
                Id
              </th>
              <th>
                Name
              </th>
              <th>
                Description
              </th>
              <th>
                Status
              </th>
            </tr>
            <tr>
              <td
                data-testid="td-id-1"
              >
                1
              </td>
              <td
                data-testid="td-name-1"
              >
                shopping
              </td>
              <td
                data-testid="td-description-1"
              >
                buy some stuff
              </td>
              <td
                data-testid="td-status-1"
              >
                false
              </td>
            </tr>
            <tr>
              <td
                data-testid="td-id-2"
              >
                2
              </td>
              <td
                data-testid="td-name-2"
              >
                have fun with my dog
              </td>
              <td
                data-testid="td-description-2"
              >
                take my dog for a walk and have fun with it
              </td>
              <td
                data-testid="td-status-2"
              >
                true
              </td>
            </tr>
            <tr>
              <td
                data-testid="td-id-3"
              >
                3
              </td>
              <td
                data-testid="td-name-3"
              >
                work out
              </td>
              <td
                data-testid="td-description-3"
              >
                work out a little bit with weights and barbells
              </td>
              <td
                data-testid="td-status-3"
              >
                false
              </td>
            </tr>
            <tr>
              <td
                data-testid="td-id-4"
              >
                4
              </td>
              <td
                data-testid="td-name-4"
              >
                activity1
              </td>
              <td
                data-testid="td-description-4"
              >
                activity1
              </td>
              <td
                data-testid="td-status-4"
              >
                true
              </td>
            </tr>
          </tbody>
        </table>
      </div>
    </div>
  </body>,
  "container": <div>
    <div>
      <table>
        <tbody
          data-testid="table-body"
        >
          <tr>
            <th>
              Id
            </th>
            <th>
              Name
            </th>
            <th>
              Description
            </th>
            <th>
              Status
            </th>
          </tr>
          <tr>
            <td
              data-testid="td-id-1"
            >
              1
            </td>
            <td
              data-testid="td-name-1"
            >
              shopping
            </td>
            <td
              data-testid="td-description-1"
            >
              buy some stuff
            </td>
            <td
              data-testid="td-status-1"
            >
              false
            </td>
          </tr>
          <tr>
            <td
              data-testid="td-id-2"
            >
              2
            </td>
            <td
              data-testid="td-name-2"
            >
              have fun with my dog
            </td>
            <td
              data-testid="td-description-2"
            >
              take my dog for a walk and have fun with it
            </td>
            <td
              data-testid="td-status-2"
            >
              true
            </td>
          </tr>
          <tr>
            <td
              data-testid="td-id-3"
            >
              3
            </td>
            <td
              data-testid="td-name-3"
            >
              work out
            </td>
            <td
              data-testid="td-description-3"
            >
              work out a little bit with weights and barbells
            </td>
            <td
              data-testid="td-status-3"
            >
              false
            </td>
          </tr>
          <tr>
            <td
              data-testid="td-id-4"
            >
              4
            </td>
            <td
              data-testid="td-name-4"
            >
              activity1
            </td>
            <td
              data-testid="td-description-4"
            >
              activity1
            </td>
            <td
              data-testid="td-status-4"
            >
              true
            </td>
          </tr>
        </tbody>
      </table>
    </div>
  </div>,
  "debug": [Function],
  "findAllByAltText": [Function],
  "findAllByDisplayValue": [Function],
  "findAllByLabelText": [Function],
  "findAllByPlaceholderText": [Function],
  "findAllByRole": [Function],
  "findAllByTestId": [Function],
  "findAllByText": [Function],
  "findAllByTitle": [Function],
  "findByAltText": [Function],
  "findByDisplayValue": [Function],
  "findByLabelText": [Function],
  "findByPlaceholderText": [Function],
  "findByRole": [Function],
  "findByTestId": [Function],
  "findByText": [Function],
  "findByTitle": [Function],
  "getAllByAltText": [Function],
  "getAllByDisplayValue": [Function],
  "getAllByLabelText": [Function],
  "getAllByPlaceholderText": [Function],
  "getAllByRole": [Function],
  "getAllByTestId": [Function],
  "getAllByText": [Function],
  "getAllByTitle": [Function],
  "getByAltText": [Function],
  "getByDisplayValue": [Function],
  "getByLabelText": [Function],
  "getByPlaceholderText": [Function],
  "getByRole": [Function],
  "getByTestId": [Function],
  "getByText": [Function],
  "getByTitle": [Function],
  "queryAllByAltText": [Function],
  "queryAllByDisplayValue": [Function],
  "queryAllByLabelText": [Function],
  "queryAllByPlaceholderText": [Function],
  "queryAllByRole": [Function],
  "queryAllByTestId": [Function],
  "queryAllByText": [Function],
  "queryAllByTitle": [Function],
  "queryByAltText": [Function],
  "queryByDisplayValue": [Function],
  "queryByLabelText": [Function],
  "queryByPlaceholderText": [Function],
  "queryByRole": [Function],
  "queryByTestId": [Function],
  "queryByText": [Function],
  "queryByTitle": [Function],
  "rerender": [Function],
  "unmount": [Function],
}
`;
